Monitoring boot status for iPhone 17 Pro (6AEF87B6-A210-45C4-8284-B6734BA67FC8).
[2026-09-21 19:06:49 +0000] Status=1, isTerminal=NO, Elapsed=00:02.
	Waiting on BackBoard

[2026-09-21 19:06:50 +0000] Status=2, isTerminal=NO, Elapsed=00:04.
	Waiting on Data Migration
		Reason:(null)
		Migration Elapsed:00:00 seconds

[2026-09-21 19:06:52 +0000] Status=2, isTerminal=NO, Elapsed=00:05.
	Waiting on Data Migration
		Reason:Running plugin com.apple.MobileContainerManager.ContainerMigrator (ContainerMigrator.migrator, user-agnostic)
		Migration Elapsed:00:01 seconds

[2026-09-21 19:06:53 +0000] Status=2, isTerminal=NO, Elapsed=00:06.
	Waiting on Data Migration
		Reason:Running plugin com.apple.-0LaunchServicesMigrator (00LaunchServicesMigrator.migrator, user-agnostic)
		Migration Elapsed:00:02 seconds

[2026-09-21 19:06:54 +0000] Status=2, isTerminal=NO, Elapsed=00:07.
	Waiting on Data Migration
		Reason:Running plugin com.apple.-0LaunchServicesMigrator (00LaunchServicesMigrator.migrator, user-agnostic)
		Migration Elapsed:00:03 seconds

[2026-09-21 19:06:55 +0000] Status=2, isTerminal=NO, Elapsed=00:08.
	Waiting on Data Migration
		Reason:Running plugin com.apple.-0LaunchServicesMigrator (00LaunchServicesMigrator.migrator, user-agnostic)
		Migration Elapsed:00:04 seconds

[2026-09-21 19:06:56 +0000] Status=2, isTerminal=NO, Elapsed=00:09.
	Waiting on Data Migration
		Reason:Running plugin com.apple.-0LaunchServicesMigrator (00LaunchServicesMigrator.migrator, user-agnostic)
		Migration Elapsed:00:05 seconds

[2026-09-21 19:06:58 +0000] Status=2, isTerminal=NO, Elapsed=00:11.
	Waiting on Data Migration
		Reason:Running plugin com.apple.-0LaunchServicesMigrator (00LaunchServicesMigrator.migrator, user-agnostic)
		Migration Elapsed:00:06 seconds

[2026-09-21 19:06:59 +0000] Status=2, isTerminal=NO, Elapsed=00:12.
	Waiting on Data Migration
		Reason:Running plugin com.apple.-0LaunchServicesMigrator (00LaunchServicesMigrator.migrator, user-agnostic)
		Migration Elapsed:00:07 seconds

[2026-09-21 19:07:00 +0000] Status=2, isTerminal=NO, Elapsed=00:13.
	Waiting on Data Migration
		Reason:Running plugin com.apple.-0LaunchServicesMigrator (00LaunchServicesMigrator.migrator, user-agnostic)
		Migration Elapsed:00:09 seconds

[2026-09-21 19:07:01 +0000] Status=2, isTerminal=NO, Elapsed=00:14.
	Waiting on Data Migration
		Reason:Running plugin com.apple.-0LaunchServicesMigrator (00LaunchServicesMigrator.migrator, user-agnostic)
		Migration Elapsed:00:10 seconds

[2026-09-21 19:07:01 +0000] Status=2, isTerminal=NO, Elapsed=00:14.
	Waiting on Data Migration
		Reason:Running plugin com.apple.-0LaunchServicesMigrator (00LaunchServicesMigrator.migrator, user-agnostic)
		Migration Elapsed:00:11 seconds

[2026-09-21 19:07:02 +0000] Status=2, isTerminal=NO, Elapsed=00:15.
	Waiting on Data Migration
		Reason:Running plugin com.apple.-0LaunchServicesMigrator (00LaunchServicesMigrator.migrator, user-agnostic)
		Migration Elapsed:00:11 seconds

[2026-09-21 19:07:03 +0000] Status=2, isTerminal=NO, Elapsed=00:16.
	Waiting on Data Migration
		Reason:Running plugin com.apple.-0LaunchServicesMigrator (00LaunchServicesMigrator.migrator, user-agnostic)
		Migration Elapsed:00:12 seconds

[2026-09-21 19:07:04 +0000] Status=2, isTerminal=NO, Elapsed=00:17.
	Waiting on Data Migration
		Reason:Running plugin com.apple.-0LaunchServicesMigrator (00LaunchServicesMigrator.migrator, user-agnostic)
		Migration Elapsed:00:13 seconds

[2026-09-21 19:07:05 +0000] Status=2, isTerminal=NO, Elapsed=00:18.
	Waiting on Data Migration
		Reason:Running plugin com.apple.-0LaunchServicesMigrator (00LaunchServicesMigrator.migrator, user-agnostic)
		Migration Elapsed:00:14 seconds

[2026-09-21 19:07:06 +0000] Status=2, isTerminal=NO, Elapsed=00:19.
	Waiting on Data Migration
		Reason:Running plugin com.apple.-0LaunchServicesMigrator (00LaunchServicesMigrator.migrator, user-agnostic)
		Migration Elapsed:00:15 seconds

[2026-09-21 19:07:07 +0000] Status=2, isTerminal=NO, Elapsed=00:20.
	Waiting on Data Migration
		Reason:Running plugin com.apple.-0LaunchServicesMigrator (00LaunchServicesMigrator.migrator, user-agnostic)
		Migration Elapsed:00:16 seconds

[2026-09-21 19:07:08 +0000] Status=2, isTerminal=NO, Elapsed=00:21.
	Waiting on Data Migration
		Reason:Running plugin com.apple.-0LaunchServicesMigrator (00LaunchServicesMigrator.migrator, user-agnostic)
		Migration Elapsed:00:17 seconds

[2026-09-21 19:07:09 +0000] Status=2, isTerminal=NO, Elapsed=00:22.
	Waiting on Data Migration
		Reason:Running plugin com.apple.-0LaunchServicesMigrator (00LaunchServicesMigrator.migrator, user-agnostic)
		Migration Elapsed:00:18 seconds

[2026-09-21 19:07:10 +0000] Status=2, isTerminal=NO, Elapsed=00:23.
	Waiting on Data Migration
		Reason:Running plugin com.apple.-0LaunchServicesMigrator (00LaunchServicesMigrator.migrator, user-agnostic)
		Migration Elapsed:00:19 seconds

[2026-09-21 19:07:11 +0000] Status=2, isTerminal=NO, Elapsed=00:24.
	Waiting on Data Migration
		Reason:Running plugin com.apple.-0LaunchServicesMigrator (00LaunchServicesMigrator.migrator, user-agnostic)
		Migration Elapsed:00:20 seconds

[2026-09-21 19:07:12 +0000] Status=2, isTerminal=NO, Elapsed=00:25.
	Waiting on Data Migration
		Reason:Running plugin com.apple.-0LaunchServicesMigrator (00LaunchServicesMigrator.migrator, user-agnostic)
		Migration Elapsed:00:21 seconds

[2026-09-21 19:07:13 +0000] Status=2, isTerminal=NO, Elapsed=00:26.
	Waiting on Data Migration
		Reason:Running plugin com.apple.-0LaunchServicesMigrator (00LaunchServicesMigrator.migrator, user-agnostic)
		Migration Elapsed:00:22 seconds

[2026-09-21 19:07:14 +0000] Status=2, isTerminal=NO, Elapsed=00:27.
	Waiting on Data Migration
		Reason:Running plugin com.apple.-0LaunchServicesMigrator (00LaunchServicesMigrator.migrator, user-agnostic)
		Migration Elapsed:00:23 seconds

[2026-09-21 19:07:15 +0000] Status=2, isTerminal=NO, Elapsed=00:28.
	Waiting on Data Migration
		Reason:Running plugin com.apple.-0LaunchServicesMigrator (00LaunchServicesMigrator.migrator, user-agnostic)
		Migration Elapsed:00:24 seconds

[2026-09-21 19:07:16 +0000] Status=2, isTerminal=NO, Elapsed=00:29.
	Waiting on Data Migration
		Reason:Running plugin com.apple.-0LaunchServicesMigrator (00LaunchServicesMigrator.migrator, user-agnostic)
		Migration Elapsed:00:25 seconds

[2026-09-21 19:07:17 +0000] Status=2, isTerminal=NO, Elapsed=00:30.
	Waiting on Data Migration
		Reason:Running plugin com.apple.-0LaunchServicesMigrator (00LaunchServicesMigrator.migrator, user-agnostic)
		Migration Elapsed:00:26 seconds

[2026-09-21 19:07:18 +0000] Status=2, isTerminal=NO, Elapsed=00:31.
	Waiting on Data Migration
		Reason:Running plugin com.apple.-0LaunchServicesMigrator (00LaunchServicesMigrator.migrator, user-agnostic)
		Migration Elapsed:00:27 seconds

[2026-09-21 19:07:19 +0000] Status=2, isTerminal=NO, Elapsed=00:32.
	Waiting on Data Migration
		Reason:Running plugin com.apple.-0LaunchServicesMigrator (00LaunchServicesMigrator.migrator, user-agnostic)
		Migration Elapsed:00:28 seconds

[2026-09-21 19:07:20 +0000] Status=2, isTerminal=NO, Elapsed=00:33.
	Waiting on Data Migration
		Reason:Running plugin com.apple.-0LaunchServicesMigrator (00LaunchServicesMigrator.migrator, user-agnostic)
		Migration Elapsed:00:29 seconds

[2026-09-21 19:07:21 +0000] Status=2, isTerminal=NO, Elapsed=00:34.
	Waiting on Data Migration
		Reason:Running plugin com.apple.-0LaunchServicesMigrator (00LaunchServicesMigrator.migrator, user-agnostic)
		Migration Elapsed:00:30 seconds

[2026-09-21 19:07:22 +0000] Status=2, isTerminal=NO, Elapsed=00:35.
	Waiting on Data Migration
		Reason:Running plugin com.apple.-0LaunchServicesMigrator (00LaunchServicesMigrator.migrator, user-agnostic)
		Migration Elapsed:00:31 seconds

[2026-09-21 19:07:23 +0000] Status=2, isTerminal=NO, Elapsed=00:36.
	Waiting on Data Migration
		Reason:Running plugin com.apple.-0LaunchServicesMigrator (00LaunchServicesMigrator.migrator, user-agnostic)
		Migration Elapsed:00:32 seconds

[2026-09-21 19:07:24 +0000] Status=2, isTerminal=NO, Elapsed=00:37.
	Waiting on Data Migration
		Reason:Running plugin com.apple.-0LaunchServicesMigrator (00LaunchServicesMigrator.migrator, user-agnostic)
		Migration Elapsed:00:33 seconds

[2026-09-21 19:07:25 +0000] Status=2, isTerminal=NO, Elapsed=00:38.
	Waiting on Data Migration
		Reason:Running plugin com.apple.-0LaunchServicesMigrator (00LaunchServicesMigrator.migrator, user-agnostic)
		Migration Elapsed:00:34 seconds

[2026-09-21 19:07:26 +0000] Status=2, isTerminal=NO, Elapsed=00:39.
	Waiting on Data Migration
		Reason:Running plugin com.apple.-0LaunchServicesMigrator (00LaunchServicesMigrator.migrator, user-agnostic)
		Migration Elapsed:00:35 seconds

[2026-09-21 19:07:27 +0000] Status=2, isTerminal=NO, Elapsed=00:40.
	Waiting on Data Migration
		Reason:Running plugin com.apple.-0LaunchServicesMigrator (00LaunchServicesMigrator.migrator, user-agnostic)
		Migration Elapsed:00:36 seconds

[2026-09-21 19:07:28 +0000] Status=2, isTerminal=NO, Elapsed=00:41.
	Waiting on Data Migration
		Reason:Running plugin com.apple.-0LaunchServicesMigrator (00LaunchServicesMigrator.migrator, user-agnostic)
		Migration Elapsed:00:37 seconds

[2026-09-21 19:07:29 +0000] Status=2, isTerminal=NO, Elapsed=00:42.
	Waiting on Data Migration
		Reason:Running plugin com.apple.-0LaunchServicesMigrator (00LaunchServicesMigrator.migrator, user-agnostic)
		Migration Elapsed:00:39 seconds

[2026-09-21 19:07:30 +0000] Status=2, isTerminal=NO, Elapsed=00:43.
	Waiting on Data Migration
		Reason:Running plugin com.apple.-0LaunchServicesMigrator (00LaunchServicesMigrator.migrator, user-agnostic)
		Migration Elapsed:00:39 seconds

[2026-09-21 19:07:31 +0000] Status=2, isTerminal=NO, Elapsed=00:44.
	Waiting on Data Migration
		Reason:Running plugin com.apple.-0LaunchServicesMigrator (00LaunchServicesMigrator.migrator, user-agnostic)
		Migration Elapsed:00:40 seconds

[2026-09-21 19:07:32 +0000] Status=2, isTerminal=NO, Elapsed=00:45.
	Waiting on Data Migration
		Reason:Running plugin com.apple.-0LaunchServicesMigrator (00LaunchServicesMigrator.migrator, user-agnostic)
		Migration Elapsed:00:41 seconds

[2026-09-21 19:07:33 +0000] Status=2, isTerminal=NO, Elapsed=00:46.
	Waiting on Data Migration
		Reason:Running plugin com.apple.-0LaunchServicesMigrator (00LaunchServicesMigrator.migrator, user-agnostic)
		Migration Elapsed:00:42 seconds

[2026-09-21 19:07:34 +0000] Status=2, isTerminal=NO, Elapsed=00:47.
	Waiting on Data Migration
		Reason:Running plugin com.apple.-0LaunchServicesMigrator (00LaunchServicesMigrator.migrator, user-agnostic)
		Migration Elapsed:00:43 seconds

[2026-09-21 19:07:35 +0000] Status=2, isTerminal=NO, Elapsed=00:48.
	Waiting on Data Migration
		Reason:Running plugin com.apple.-0LaunchServicesMigrator (00LaunchServicesMigrator.migrator, user-agnostic)
		Migration Elapsed:00:44 seconds

[2026-09-21 19:07:36 +0000] Status=2, isTerminal=NO, Elapsed=00:49.
	Waiting on Data Migration
		Reason:Running plugin com.apple.-0LaunchServicesMigrator (00LaunchServicesMigrator.migrator, user-agnostic)
		Migration Elapsed:00:45 seconds

[2026-09-21 19:07:37 +0000] Status=2, isTerminal=NO, Elapsed=00:50.
	Waiting on Data Migration
		Reason:Running plugin com.apple.-0LaunchServicesMigrator (00LaunchServicesMigrator.migrator, user-agnostic)
		Migration Elapsed:00:46 seconds

[2026-09-21 19:07:38 +0000] Status=2, isTerminal=NO, Elapsed=00:51.
	Waiting on Data Migration
		Reason:Running plugin com.apple.-0LaunchServicesMigrator (00LaunchServicesMigrator.migrator, user-agnostic)
		Migration Elapsed:00:47 seconds

[2026-09-21 19:07:39 +0000] Status=2, isTerminal=NO, Elapsed=00:52.
	Waiting on Data Migration
		Reason:Running plugin com.apple.securityd.KeychainMigrator (KeychainMigrator.migrator, user-agnostic) (Concurrent: Running plugin com.apple.appleaccount.mergebuddyprovisioningresponse.migrator (MergeBuddyProvisioningResponse.migrator, concurrent after com.apple.-0LaunchServicesMigrator))
		Migration Elapsed:00:48 seconds

[2026-09-21 19:07:40 +0000] Status=2, isTerminal=NO, Elapsed=00:53.
	Waiting on Data Migration
		Reason:Running plugin com.apple.securityd.KeychainMigrator (KeychainMigrator.migrator, user-agnostic) (Concurrent: Running plugin com.apple.appleaccount.mergebuddyprovisioningresponse.migrator (MergeBuddyProvisioningResponse.migrator, concurrent after com.apple.-0LaunchServicesMigrator))
		Migration Elapsed:00:49 seconds

[2026-09-21 19:07:41 +0000] Status=2, isTerminal=NO, Elapsed=00:54.
	Waiting on Data Migration
		Reason:Running plugin com.apple.securityd.KeychainMigrator (KeychainMigrator.migrator, user-agnostic) (Concurrent: Running plugin com.apple.appleaccount.mergebuddyprovisioningresponse.migrator (MergeBuddyProvisioningResponse.migrator, concurrent after com.apple.-0LaunchServicesMigrator))
		Migration Elapsed:00:50 seconds

[2026-09-21 19:07:42 +0000] Status=2, isTerminal=NO, Elapsed=00:55.
	Waiting on Data Migration
		Reason:Running plugin com.apple.securityd.KeychainMigrator (KeychainMigrator.migrator, user-agnostic) (Concurrent: Running plugin com.apple.appleaccount.mergebuddyprovisioningresponse.migrator (MergeBuddyProvisioningResponse.migrator, concurrent after com.apple.-0LaunchServicesMigrator))
		Migration Elapsed:00:51 seconds

[2026-09-21 19:07:43 +0000] Status=2, isTerminal=NO, Elapsed=00:56.
	Waiting on Data Migration
		Reason:Running plugin com.apple.securityd.KeychainMigrator (KeychainMigrator.migrator, user-agnostic) (Concurrent: Running plugin com.apple.appleaccount.mergebuddyprovisioningresponse.migrator (MergeBuddyProvisioningResponse.migrator, concurrent after com.apple.-0LaunchServicesMigrator))
		Migration Elapsed:00:52 seconds

[2026-09-21 19:07:44 +0000] Status=2, isTerminal=NO, Elapsed=00:57.
	Waiting on Data Migration
		Reason:Running plugin com.apple.securityd.KeychainMigrator (KeychainMigrator.migrator, user-agnostic) (Concurrent: Running plugin com.apple.appleaccount.mergebuddyprovisioningresponse.migrator (MergeBuddyProvisioningResponse.migrator, concurrent after com.apple.-0LaunchServicesMigrator))
		Migration Elapsed:00:53 seconds

[2026-09-21 19:07:45 +0000] Status=2, isTerminal=NO, Elapsed=00:58.
	Waiting on Data Migration
		Reason:Running plugin com.apple.securityd.KeychainMigrator (KeychainMigrator.migrator, user-agnostic) (Concurrent: Running plugin com.apple.appleaccount.mergebuddyprovisioningresponse.migrator (MergeBuddyProvisioningResponse.migrator, concurrent after com.apple.-0LaunchServicesMigrator))
		Migration Elapsed:00:54 seconds

[2026-09-21 19:07:46 +0000] Status=2, isTerminal=NO, Elapsed=00:59.
	Waiting on Data Migration
		Reason:Running plugin com.apple.securityd.KeychainMigrator (KeychainMigrator.migrator, user-agnostic) (Concurrent: Running plugin com.apple.appleaccount.mergebuddyprovisioningresponse.migrator (MergeBuddyProvisioningResponse.migrator, concurrent after com.apple.-0LaunchServicesMigrator))
		Migration Elapsed:00:55 seconds

[2026-09-21 19:07:47 +0000] Status=2, isTerminal=NO, Elapsed=01:00.
	Waiting on Data Migration
		Reason:Running plugin com.apple.securityd.KeychainMigrator (KeychainMigrator.migrator, user-agnostic) (Concurrent: Running plugin com.apple.appleaccount.mergebuddyprovisioningresponse.migrator (MergeBuddyProvisioningResponse.migrator, concurrent after com.apple.-0LaunchServicesMigrator))
		Migration Elapsed:00:56 seconds

[2026-09-21 19:07:48 +0000] Status=2, isTerminal=NO, Elapsed=01:01.
	Waiting on Data Migration
		Reason:Running plugin com.apple.securityd.KeychainMigrator (KeychainMigrator.migrator, user-agnostic) (Concurrent: Running plugin com.apple.appleaccount.mergebuddyprovisioningresponse.migrator (MergeBuddyProvisioningResponse.migrator, concurrent after com.apple.-0LaunchServicesMigrator))
		Migration Elapsed:00:57 seconds

[2026-09-21 19:07:49 +0000] Status=2, isTerminal=NO, Elapsed=01:02.
	Waiting on Data Migration
		Reason:Running plugin com.apple.securityd.KeychainMigrator (KeychainMigrator.migrator, user-agnostic) (Concurrent: Running plugin com.apple.appleaccount.mergebuddyprovisioningresponse.migrator (MergeBuddyProvisioningResponse.migrator, concurrent after com.apple.-0LaunchServicesMigrator))
		Migration Elapsed:00:58 seconds

[2026-09-21 19:07:50 +0000] Status=2, isTerminal=NO, Elapsed=01:03.
	Waiting on Data Migration
		Reason:Running plugin com.apple.securityd.KeychainMigrator (KeychainMigrator.migrator, user-agnostic) (Concurrent: Running plugin com.apple.appleaccount.mergebuddyprovisioningresponse.migrator (MergeBuddyProvisioningResponse.migrator, concurrent after com.apple.-0LaunchServicesMigrator))
		Migration Elapsed:00:59 seconds

[2026-09-21 19:07:51 +0000] Status=2, isTerminal=NO, Elapsed=01:04.
	Waiting on Data Migration
		Reason:Running plugin com.apple.securityd.KeychainMigrator (KeychainMigrator.migrator, user-agnostic) (Concurrent: Running plugin com.apple.appleaccount.mergebuddyprovisioningresponse.migrator (MergeBuddyProvisioningResponse.migrator, concurrent after com.apple.-0LaunchServicesMigrator))
		Migration Elapsed:01:00 seconds

[2026-09-21 19:07:52 +0000] Status=2, isTerminal=NO, Elapsed=01:05.
	Waiting on Data Migration
		Reason:Running plugin com.apple.securityd.KeychainMigrator (KeychainMigrator.migrator, user-agnostic) (Concurrent: Running plugin com.apple.appleaccount.mergebuddyprovisioningresponse.migrator (MergeBuddyProvisioningResponse.migrator, concurrent after com.apple.-0LaunchServicesMigrator))
		Migration Elapsed:01:01 seconds

[2026-09-21 19:07:53 +0000] Status=2, isTerminal=NO, Elapsed=01:06.
	Waiting on Data Migration
		Reason:Running plugin com.apple.securityd.KeychainMigrator (KeychainMigrator.migrator, user-agnostic) (Concurrent: Running plugin com.apple.appleaccount.mergebuddyprovisioningresponse.migrator (MergeBuddyProvisioningResponse.migrator, concurrent after com.apple.-0LaunchServicesMigrator))
		Migration Elapsed:01:02 seconds

[2026-09-21 19:07:54 +0000] Status=2, isTerminal=NO, Elapsed=01:07.
	Waiting on Data Migration
		Reason:Running plugin com.apple.securityd.KeychainMigrator (KeychainMigrator.migrator, user-agnostic) (Concurrent: Running plugin com.apple.appleaccount.mergebuddyprovisioningresponse.migrator (MergeBuddyProvisioningResponse.migrator, concurrent after com.apple.-0LaunchServicesMigrator))
		Migration Elapsed:01:03 seconds

[2026-09-21 19:07:55 +0000] Status=2, isTerminal=NO, Elapsed=01:08.
	Waiting on Data Migration
		Reason:Running plugin com.apple.securityd.KeychainMigrator (KeychainMigrator.migrator, user-agnostic) (Concurrent: Running plugin com.apple.appleaccount.mergebuddyprovisioningresponse.migrator (MergeBuddyProvisioningResponse.migrator, concurrent after com.apple.-0LaunchServicesMigrator))
		Migration Elapsed:01:04 seconds

[2026-09-21 19:07:56 +0000] Status=2, isTerminal=NO, Elapsed=01:09.
	Waiting on Data Migration
		Reason:Running plugin com.apple.securityd.KeychainMigrator (KeychainMigrator.migrator, user-agnostic) (Concurrent: Running plugin com.apple.appleaccount.mergebuddyprovisioningresponse.migrator (MergeBuddyProvisioningResponse.migrator, concurrent after com.apple.-0LaunchServicesMigrator))
		Migration Elapsed:01:05 seconds

[2026-09-21 19:07:57 +0000] Status=2, isTerminal=NO, Elapsed=01:10.
	Waiting on Data Migration
		Reason:Running plugin com.apple.securityd.KeychainMigrator (KeychainMigrator.migrator, user-agnostic) (Concurrent: Running plugin com.apple.appleaccount.mergebuddyprovisioningresponse.migrator (MergeBuddyProvisioningResponse.migrator, concurrent after com.apple.-0LaunchServicesMigrator))
		Migration Elapsed:01:06 seconds

[2026-09-21 19:07:58 +0000] Status=2, isTerminal=NO, Elapsed=01:11.
	Waiting on Data Migration
		Reason:Running plugin com.apple.securityd.KeychainMigrator (KeychainMigrator.migrator, user-agnostic) (Concurrent: Running plugin com.apple.appleaccount.mergebuddyprovisioningresponse.migrator (MergeBuddyProvisioningResponse.migrator, concurrent after com.apple.-0LaunchServicesMigrator))
		Migration Elapsed:01:07 seconds

[2026-09-21 19:07:59 +0000] Status=2, isTerminal=NO, Elapsed=01:12.
	Waiting on Data Migration
		Reason:Running plugin com.apple.securityd.KeychainMigrator (KeychainMigrator.migrator, user-agnostic) (Concurrent: Running plugin com.apple.appleaccount.mergebuddyprovisioningresponse.migrator (MergeBuddyProvisioningResponse.migrator, concurrent after com.apple.-0LaunchServicesMigrator))
		Migration Elapsed:01:08 seconds

[2026-09-21 19:08:00 +0000] Status=2, isTerminal=NO, Elapsed=01:13.
	Waiting on Data Migration
		Reason:Running plugin com.apple.securityd.KeychainMigrator (KeychainMigrator.migrator, user-agnostic) (Concurrent: Running plugin com.apple.appleaccount.mergebuddyprovisioningresponse.migrator (MergeBuddyProvisioningResponse.migrator, concurrent after com.apple.-0LaunchServicesMigrator))
		Migration Elapsed:01:09 seconds

[2026-09-21 19:08:01 +0000] Status=2, isTerminal=NO, Elapsed=01:14.
	Waiting on Data Migration
		Reason:Running plugin com.apple.securityd.KeychainMigrator (KeychainMigrator.migrator, user-agnostic) (Concurrent: Running plugin com.apple.appleaccount.mergebuddyprovisioningresponse.migrator (MergeBuddyProvisioningResponse.migrator, concurrent after com.apple.-0LaunchServicesMigrator))
		Migration Elapsed:01:10 seconds

[2026-09-21 19:08:02 +0000] Status=2, isTerminal=NO, Elapsed=01:15.
	Waiting on Data Migration
		Reason:Running plugin com.apple.securityd.KeychainMigrator (KeychainMigrator.migrator, user-agnostic) (Concurrent: Running plugin com.apple.appleaccount.mergebuddyprovisioningresponse.migrator (MergeBuddyProvisioningResponse.migrator, concurrent after com.apple.-0LaunchServicesMigrator))
		Migration Elapsed:01:11 seconds

[2026-09-21 19:08:03 +0000] Status=2, isTerminal=NO, Elapsed=01:16.
	Waiting on Data Migration
		Reason:Running plugin com.apple.securityd.KeychainMigrator (KeychainMigrator.migrator, user-agnostic) (Concurrent: Running plugin com.apple.appleaccount.mergebuddyprovisioningresponse.migrator (MergeBuddyProvisioningResponse.migrator, concurrent after com.apple.-0LaunchServicesMigrator))
		Migration Elapsed:01:12 seconds

[2026-09-21 19:08:04 +0000] Status=2, isTerminal=NO, Elapsed=01:17.
	Waiting on Data Migration
		Reason:Running plugin com.apple.securityd.KeychainMigrator (KeychainMigrator.migrator, user-agnostic) (Concurrent: Running plugin com.apple.appleaccount.mergebuddyprovisioningresponse.migrator (MergeBuddyProvisioningResponse.migrator, concurrent after com.apple.-0LaunchServicesMigrator))
		Migration Elapsed:01:13 seconds

[2026-09-21 19:08:05 +0000] Status=2, isTerminal=NO, Elapsed=01:18.
	Waiting on Data Migration
		Reason:Running plugin com.apple.securityd.KeychainMigrator (KeychainMigrator.migrator, user-agnostic) (Concurrent: Running plugin com.apple.appleaccount.mergebuddyprovisioningresponse.migrator (MergeBuddyProvisioningResponse.migrator, concurrent after com.apple.-0LaunchServicesMigrator))
		Migration Elapsed:01:14 seconds

[2026-09-21 19:08:06 +0000] Status=2, isTerminal=NO, Elapsed=01:19.
	Waiting on Data Migration
		Reason:Running plugin com.apple.securityd.KeychainMigrator (KeychainMigrator.migrator, user-agnostic) (Concurrent: Running plugin com.apple.appleaccount.mergebuddyprovisioningresponse.migrator (MergeBuddyProvisioningResponse.migrator, concurrent after com.apple.-0LaunchServicesMigrator))
		Migration Elapsed:01:15 seconds

[2026-09-21 19:08:07 +0000] Status=2, isTerminal=NO, Elapsed=01:20.
	Waiting on Data Migration
		Reason:Running plugin com.apple.securityd.KeychainMigrator (KeychainMigrator.migrator, user-agnostic) (Concurrent: Running plugin com.apple.appleaccount.mergebuddyprovisioningresponse.migrator (MergeBuddyProvisioningResponse.migrator, concurrent after com.apple.-0LaunchServicesMigrator))
		Migration Elapsed:01:16 seconds

[2026-09-21 19:08:08 +0000] Status=2, isTerminal=NO, Elapsed=01:21.
	Waiting on Data Migration
		Reason:Running plugin com.apple.securityd.KeychainMigrator (KeychainMigrator.migrator, user-agnostic) (Concurrent: Running plugin com.apple.appleaccount.mergebuddyprovisioningresponse.migrator (MergeBuddyProvisioningResponse.migrator, concurrent after com.apple.-0LaunchServicesMigrator))
		Migration Elapsed:01:17 seconds

[2026-09-21 19:08:09 +0000] Status=2, isTerminal=NO, Elapsed=01:22.
	Waiting on Data Migration
		Reason:Running plugin com.apple.securityd.KeychainMigrator (KeychainMigrator.migrator, user-agnostic) (Concurrent: Running plugin com.apple.appleaccount.mergebuddyprovisioningresponse.migrator (MergeBuddyProvisioningResponse.migrator, concurrent after com.apple.-0LaunchServicesMigrator))
		Migration Elapsed:01:18 seconds

[2026-09-21 19:08:10 +0000] Status=2, isTerminal=NO, Elapsed=01:23.
	Waiting on Data Migration
		Reason:Running plugin com.apple.securityd.KeychainMigrator (KeychainMigrator.migrator, user-agnostic) (Concurrent: Running plugin com.apple.appleaccount.mergebuddyprovisioningresponse.migrator (MergeBuddyProvisioningResponse.migrator, concurrent after com.apple.-0LaunchServicesMigrator))
		Migration Elapsed:01:19 seconds

[2026-09-21 19:08:11 +0000] Status=2, isTerminal=NO, Elapsed=01:24.
	Waiting on Data Migration
		Reason:Running plugin com.apple.securityd.KeychainMigrator (KeychainMigrator.migrator, user-agnostic) (Concurrent: Running plugin com.apple.appleaccount.mergebuddyprovisioningresponse.migrator (MergeBuddyProvisioningResponse.migrator, concurrent after com.apple.-0LaunchServicesMigrator))
		Migration Elapsed:01:20 seconds

[2026-09-21 19:08:12 +0000] Status=2, isTerminal=NO, Elapsed=01:25.
	Waiting on Data Migration
		Reason:Running plugin com.apple.securityd.KeychainMigrator (KeychainMigrator.migrator, user-agnostic) (Concurrent: Running plugin com.apple.appleaccount.mergebuddyprovisioningresponse.migrator (MergeBuddyProvisioningResponse.migrator, concurrent after com.apple.-0LaunchServicesMigrator))
		Migration Elapsed:01:21 seconds

[2026-09-21 19:08:13 +0000] Status=2, isTerminal=NO, Elapsed=01:26.
	Waiting on Data Migration
		Reason:Running plugin com.apple.securityd.KeychainMigrator (KeychainMigrator.migrator, user-agnostic) (Concurrent: Running plugin com.apple.appleaccount.mergebuddyprovisioningresponse.migrator (MergeBuddyProvisioningResponse.migrator, concurrent after com.apple.-0LaunchServicesMigrator))
		Migration Elapsed:01:22 seconds

[2026-09-21 19:08:14 +0000] Status=2, isTerminal=NO, Elapsed=01:27.
	Waiting on Data Migration
		Reason:Running plugin com.apple.securityd.KeychainMigrator (KeychainMigrator.migrator, user-agnostic) (Concurrent: Running plugin com.apple.appleaccount.mergebuddyprovisioningresponse.migrator (MergeBuddyProvisioningResponse.migrator, concurrent after com.apple.-0LaunchServicesMigrator))
		Migration Elapsed:01:23 seconds

[2026-09-21 19:08:15 +0000] Status=2, isTerminal=NO, Elapsed=01:28.
	Waiting on Data Migration
		Reason:Running plugin com.apple.securityd.KeychainMigrator (KeychainMigrator.migrator, user-agnostic) (Concurrent: Running plugin com.apple.appleaccount.mergebuddyprovisioningresponse.migrator (MergeBuddyProvisioningResponse.migrator, concurrent after com.apple.-0LaunchServicesMigrator))
		Migration Elapsed:01:24 seconds

[2026-09-21 19:08:16 +0000] Status=2, isTerminal=NO, Elapsed=01:29.
	Waiting on Data Migration
		Reason:Running plugin com.apple.addressbook.migrator (AddressBookLegacy.migrator) (Concurrent: Running plugin com.apple.appleaccount.migrator (AppleAccountMigrator.migrator, concurrent after com.apple.appleaccount.mergebuddyprovisioningresponse.migrator))
		Migration Elapsed:01:25 seconds

[2026-09-21 19:08:17 +0000] Status=2, isTerminal=NO, Elapsed=01:30.
	Waiting on Data Migration
		Reason:Running plugin com.apple.addressbook.migrator (AddressBookLegacy.migrator) (Concurrent: Running plugin com.apple.MobileSlideShow (MobileSlideShow.migrator, concurrent after com.apple.accounts.migrator))
		Migration Elapsed:01:26 seconds

[2026-09-21 19:08:18 +0000] Status=2, isTerminal=NO, Elapsed=01:31.
	Waiting on Data Migration
		Reason:Running plugin com.apple.WebBookmarks.migrator (WebBookmarks.migrator)
		Migration Elapsed:01:27 seconds

[2026-09-21 19:08:19 +0000] Status=2, isTerminal=NO, Elapsed=01:32.
	Waiting on Data Migration
		Reason:Running plugin com.apple.WebBookmarks.migrator (WebBookmarks.migrator)
		Migration Elapsed:01:28 seconds

[2026-09-21 19:08:20 +0000] Status=2, isTerminal=NO, Elapsed=01:33.
	Waiting on Data Migration
		Reason:Running plugin com.apple.WebBookmarks.migrator (WebBookmarks.migrator)
		Migration Elapsed:01:29 seconds

[2026-09-21 19:08:21 +0000] Status=2, isTerminal=NO, Elapsed=01:34.
	Waiting on Data Migration
		Reason:Running plugin com.apple.MobileSafari.migrator (MobileSafari.migrator)
		Migration Elapsed:01:30 seconds

[2026-09-21 19:08:22 +0000] Status=2, isTerminal=NO, Elapsed=01:35.
	Waiting on Data Migration
		Reason:Running plugin com.apple.MobileSafari.migrator (MobileSafari.migrator)
		Migration Elapsed:01:31 seconds

[2026-09-21 19:08:23 +0000] Status=2, isTerminal=NO, Elapsed=01:36.
	Waiting on Data Migration
		Reason:Running plugin com.apple.MobileSafari.migrator (MobileSafari.migrator)
		Migration Elapsed:01:32 seconds

[2026-09-21 19:08:24 +0000] Status=2, isTerminal=NO, Elapsed=01:37.
	Waiting on Data Migration
		Reason:Running plugin com.apple.MobileSafari.migrator (MobileSafari.migrator)
		Migration Elapsed:01:33 seconds

[2026-09-21 19:08:25 +0000] Status=2, isTerminal=NO, Elapsed=01:38.
	Waiting on Data Migration
		Reason:Running plugin com.apple.MobileSafari.migrator (MobileSafari.migrator)
		Migration Elapsed:01:34 seconds

[2026-09-21 19:08:26 +0000] Status=2, isTerminal=NO, Elapsed=01:39.
	Waiting on Data Migration
		Reason:Running plugin com.apple.MobileSafari.migrator (MobileSafari.migrator)
		Migration Elapsed:01:35 seconds

[2026-09-21 19:08:27 +0000] Status=2, isTerminal=NO, Elapsed=01:40.
	Waiting on Data Migration
		Reason:Running plugin com.apple.MobileSafari.migrator (MobileSafari.migrator)
		Migration Elapsed:01:36 seconds

[2026-09-21 19:08:28 +0000] Status=2, isTerminal=NO, Elapsed=01:41.
	Waiting on Data Migration
		Reason:Running plugin com.apple.MobileSafari.migrator (MobileSafari.migrator)
		Migration Elapsed:01:37 seconds

[2026-09-21 19:08:29 +0000] Status=2, isTerminal=NO, Elapsed=01:42.
	Waiting on Data Migration
		Reason:Running plugin com.apple.dataaccess.migrator (DAAccount.migrator)
		Migration Elapsed:01:38 seconds

[2026-09-21 19:08:30 +0000] Status=2, isTerminal=NO, Elapsed=01:43.
	Waiting on Data Migration
		Reason:Running plugin com.apple.preferences.InternationalSupportMigrator (InternationalSupportMigrator.migrator)
		Migration Elapsed:01:39 seconds

[2026-09-21 19:08:31 +0000] Status=2, isTerminal=NO, Elapsed=01:44.
	Waiting on Data Migration
		Reason:Running plugin com.apple.preferences.InternationalSupportMigrator (InternationalSupportMigrator.migrator)
		Migration Elapsed:01:40 seconds

[2026-09-21 19:08:32 +0000] Status=2, isTerminal=NO, Elapsed=01:45.
	Waiting on Data Migration
		Reason:Running plugin com.apple.keyboards.migrator (KeyboardMigrator.migrator)
		Migration Elapsed:01:41 seconds

[2026-09-21 19:08:33 +0000] Status=2, isTerminal=NO, Elapsed=01:46.
	Waiting on Data Migration
		Reason:Running plugin com.apple.keyboards.migrator (KeyboardMigrator.migrator)
		Migration Elapsed:01:42 seconds

[2026-09-21 19:08:34 +0000] Status=2, isTerminal=NO, Elapsed=01:47.
	Waiting on Data Migration
		Reason:Running plugin com.apple.keyboards.migrator (KeyboardMigrator.migrator)
		Migration Elapsed:01:43 seconds

[2026-09-21 19:08:35 +0000] Status=2, isTerminal=NO, Elapsed=01:48.
	Waiting on Data Migration
		Reason:Running plugin com.apple.keyboards.migrator (KeyboardMigrator.migrator)
		Migration Elapsed:01:44 seconds

[2026-09-21 19:08:36 +0000] Status=2, isTerminal=NO, Elapsed=01:49.
	Waiting on Data Migration
		Reason:Running plugin com.apple.keyboards.migrator (KeyboardMigrator.migrator)
		Migration Elapsed:01:45 seconds

[2026-09-21 19:08:37 +0000] Status=2, isTerminal=NO, Elapsed=01:50.
	Waiting on Data Migration
		Reason:Running plugin com.apple.keyboards.migrator (KeyboardMigrator.migrator)
		Migration Elapsed:01:46 seconds

[2026-09-21 19:08:38 +0000] Status=2, isTerminal=NO, Elapsed=01:51.
	Waiting on Data Migration
		Reason:Running plugin com.apple.keyboards.migrator (KeyboardMigrator.migrator)
		Migration Elapsed:01:47 seconds

[2026-09-21 19:08:39 +0000] Status=2, isTerminal=NO, Elapsed=01:52.
	Waiting on Data Migration
		Reason:Running plugin com.apple.keyboards.migrator (KeyboardMigrator.migrator)
		Migration Elapsed:01:48 seconds

[2026-09-21 19:08:40 +0000] Status=2, isTerminal=NO, Elapsed=01:53.
	Waiting on Data Migration
		Reason:Running plugin com.apple.keyboards.migrator (KeyboardMigrator.migrator)
		Migration Elapsed:01:49 seconds

[2026-09-21 19:08:41 +0000] Status=2, isTerminal=NO, Elapsed=01:54.
	Waiting on Data Migration
		Reason:Running plugin com.apple.keyboards.migrator (KeyboardMigrator.migrator)
		Migration Elapsed:01:50 seconds

[2026-09-21 19:08:42 +0000] Status=2, isTerminal=NO, Elapsed=01:55.
	Waiting on Data Migration
		Reason:Running plugin com.apple.message.AccountsMigrator (MessageAccountsMigrator.migrator)
		Migration Elapsed:01:51 seconds

[2026-09-21 19:08:43 +0000] Status=2, isTerminal=NO, Elapsed=01:56.
	Waiting on Data Migration
		Reason:Running plugin com.apple.message.AccountsMigrator (MessageAccountsMigrator.migrator)
		Migration Elapsed:01:52 seconds

[2026-09-21 19:08:46 +0000] Status=2, isTerminal=NO, Elapsed=01:59.
	Waiting on Data Migration
		Reason:Running plugin com.apple.PreferencesMigrator (PreferencesMigrator.migrator)
		Migration Elapsed:01:53 seconds

[2026-09-21 19:08:46 +0000] Status=2, isTerminal=NO, Elapsed=01:59.
	Waiting on Data Migration
		Reason:Running plugin com.apple.PreferencesMigrator (PreferencesMigrator.migrator)
		Migration Elapsed:01:56 seconds

[2026-09-21 19:08:47 +0000] Status=2, isTerminal=NO, Elapsed=02:00.
	Waiting on Data Migration
		Reason:Running plugin com.apple.PreferencesMigrator (PreferencesMigrator.migrator)
		Migration Elapsed:01:56 seconds

[2026-09-21 19:08:48 +0000] Status=2, isTerminal=NO, Elapsed=02:01.
	Waiting on Data Migration
		Reason:Running plugin com.apple.PreferencesMigrator (PreferencesMigrator.migrator)
		Migration Elapsed:01:57 seconds

[2026-09-21 19:08:49 +0000] Status=2, isTerminal=NO, Elapsed=02:02.
	Waiting on Data Migration
		Reason:Running plugin com.apple.managedconfiguration.cleanup.migrator (MCCleanup.migrator)
		Migration Elapsed:01:58 seconds

[2026-09-21 19:08:50 +0000] Status=2, isTerminal=NO, Elapsed=02:03.
	Waiting on Data Migration
		Reason:Running plugin com.apple.managedconfiguration.cleanup.migrator (MCCleanup.migrator)
		Migration Elapsed:01:59 seconds

[2026-09-21 19:08:51 +0000] Status=2, isTerminal=NO, Elapsed=02:04.
	Waiting on Data Migration
		Reason:Running plugin com.apple.managedconfiguration.cleanup.migrator (MCCleanup.migrator)
		Migration Elapsed:02:00 seconds

[2026-09-21 19:08:52 +0000] Status=4294967295, isTerminal=YES, Elapsed=02:05.
	Finished
